// Jest Snapshot v1, https://goo.gl/fbAQLP

exports[`testinmg button Button renders correctly 1`] = `
<View
  style={
    {
      "flexDirection": "row",
    }
  }
>
  <View
    accessibilityState={
      {
        "busy": undefined,
        "checked": undefined,
        "disabled": undefined,
        "expanded": undefined,
        "selected": undefined,
      }
    }
    accessibilityValue={
      {
        "max": undefined,
        "min": undefined,
        "now": undefined,
        "text": undefined,
      }
    }
    accessible={true}
    collapsable={false}
    focusable={true}
    onBlur={[Function]}
    onClick={[Function]}
    onFocus={[Function]}
    onResponderGrant={[Function]}
    onResponderMove={[Function]}
    onResponderRelease={[Function]}
    onResponderTerminate={[Function]}
    onResponderTerminationRequest={[Function]}
    onStartShouldSetResponder={[Function]}
    style={
      {
        "flexDirection": "row",
      }
    }
  >
    <ViewManagerAdapter_ExpoLinearGradient
      colors={
        [
          0,
          0,
        ]
      }
      endPoint={
        [
          0,
          1,
        ]
      }
      locations={
        [
          0,
          1,
        ]
      }
      startPoint={
        [
          0,
          0,
        ]
      }
      style={
        {
          "alignItems": "center",
          "borderRadius": 20,
          "justifyContent": "center",
          "padding": 2,
        }
      }
    >
      <View
        style={
          {
            "alignItems": "center",
            "backgroundColor": "transparent",
            "borderRadius": 21,
            "flexDirection": "row",
            "justifyContent": "center",
            "paddingLeft": 18,
            "paddingRight": 28,
            "paddingVertical": 14,
          }
        }
      />
    </ViewManagerAdapter_ExpoLinearGradient>
  </View>
</View>
`;
