// Jest Snapshot v1, https://goo.gl/fbAQLP

exports[`testing select renders correctly 1`] = `
<View
  style={
    {
      "alignItems": "center",
      "backgroundColor": "#efe",
      "borderRadius": 50,
      "flexDirection": "row",
      "height": 30,
      "justifyContent": "center",
      "overflow": "hidden",
      "width": 55,
    }
  }
>
  <ViewManagerAdapter_ExpoLinearGradient
    colors={
      [
        4288716960,
        4288716960,
      ]
    }
    endPoint={
      [
        0,
        1,
      ]
    }
    locations={
      [
        0,
        1,
      ]
    }
    startPoint={
      [
        0,
        0,
      ]
    }
    style={
      {
        "padding": 3,
        "width": "100%",
      }
    }
  >
    <View
      style={
        {
          "aspectRatio": 1,
          "backgroundColor": "#2C302C",
          "borderRadius": 50,
          "height": "100%",
          "marginLeft": "0%",
        }
      }
    />
  </ViewManagerAdapter_ExpoLinearGradient>
</View>
`;
