// Jest Snapshot v1, https://goo.gl/fbAQLP

exports[`testing confirm modal renders correctly 1`] = `
<Modal
  animationType="none"
  onDismiss={[Function]}
  onRequestClose={[Function]}
  transparent={true}
  visible={true}
>
  <View
    collapsable={false}
    jestAnimatedProps={
      {
        "value": {},
      }
    }
    jestAnimatedStyle={
      {
        "value": {
          "opacity": 0,
        },
      }
    }
    jestInlineStyle={
      [
        {
          "alignItems": "center",
          "backfaceVisibility": "hidden",
          "backgroundColor": "#272A2799",
          "flex": 1,
          "justifyContent": "center",
        },
      ]
    }
    nativeID="0"
    style={
      [
        {
          "alignItems": "center",
          "backfaceVisibility": "hidden",
          "backgroundColor": "#272A2799",
          "flex": 1,
          "justifyContent": "center",
        },
        {
          "opacity": 0,
        },
      ]
    }
  >
    <View
      collapsable={false}
      jestAnimatedProps={
        {
          "value": {},
        }
      }
      jestAnimatedStyle={
        {
          "value": {
            "opacity": 0,
            "transform": [
              {
                "translateY": 16,
              },
              {
                "scale": 0.94,
              },
            ],
          },
        }
      }
      jestInlineStyle={
        [
          {
            "alignItems": "center",
            "backgroundColor": "#272A27",
            "borderRadius": 10,
            "elevation": 5,
            "gap": 10,
            "margin": 0,
            "paddingHorizontal": 15,
            "paddingVertical": 10,
            "shadowColor": "#272A2799",
            "shadowOffset": {
              "height": 0,
              "width": 0,
            },
            "shadowOpacity": 0.5,
            "shadowRadius": 10,
          },
          undefined,
        ]
      }
      nativeID="1"
      style={
        [
          {
            "alignItems": "center",
            "backgroundColor": "#272A27",
            "borderRadius": 10,
            "elevation": 5,
            "gap": 10,
            "margin": 0,
            "paddingHorizontal": 15,
            "paddingVertical": 10,
            "shadowColor": "#272A2799",
            "shadowOffset": {
              "height": 0,
              "width": 0,
            },
            "shadowOpacity": 0.5,
            "shadowRadius": 10,
          },
          undefined,
          {
            "opacity": 0,
            "transform": [
              {
                "translateY": 16,
              },
              {
                "scale": 0.94,
              },
            ],
          },
        ]
      }
    >
      <Text
        style={
          {
            "color": "#ECECEC",
            "fontSize": 18,
          }
        }
      >
        Delete this passage permanently? This cannot be undone.
      </Text>
      <View
        style={
          {
            "flexDirection": "row",
            "flexWrap": "wrap",
            "gap": 20,
            "marginVertical": 20,
          }
        }
      >
        <View
          style={
            {
              "flexDirection": "row",
            }
          }
        >
          <View
            accessibilityState={
              {
                "busy": undefined,
                "checked": undefined,
                "disabled": undefined,
                "expanded": undefined,
                "selected": undefined,
              }
            }
            accessibilityValue={
              {
                "max": undefined,
                "min": undefined,
                "now": undefined,
                "text": undefined,
              }
            }
            accessible={true}
            collapsable={false}
            focusable={true}
            onBlur={[Function]}
            onClick={[Function]}
            onFocus={[Function]}
            onResponderGrant={[Function]}
            onResponderMove={[Function]}
            onResponderRelease={[Function]}
            onResponderTerminate={[Function]}
            onResponderTerminationRequest={[Function]}
            onStartShouldSetResponder={[Function]}
            style={
              {
                "flexDirection": "row",
              }
            }
          >
            <ViewManagerAdapter_ExpoLinearGradient
              colors={
                [
                  4281085996,
                  4281085996,
                ]
              }
              endPoint={
                [
                  0,
                  1,
                ]
              }
              locations={
                [
                  0,
                  1,
                ]
              }
              startPoint={
                [
                  0,
                  0,
                ]
              }
              style={
                {
                  "alignItems": "center",
                  "borderRadius": 20,
                  "elevation": 5,
                  "justifyContent": "center",
                  "padding": 2,
                  "shadowColor": "#000",
                  "shadowOffset": {
                    "height": 2,
                    "width": 0,
                  },
                  "shadowOpacity": 0.25,
                  "shadowRadius": 4,
                }
              }
            >
              <View
                style={
                  {
                    "alignItems": "center",
                    "backgroundColor": "#2C302C",
                    "borderRadius": 21,
                    "flexDirection": "row",
                    "justifyContent": "center",
                    "paddingLeft": 18,
                    "paddingRight": 28,
                    "paddingVertical": 14,
                  }
                }
              >
                <Text
                  style={
                    {
                      "color": "#ECECEC",
                      "fontSize": 18,
                      "fontWeight": "500",
                      "paddingLeft": 10,
                      "paddingRight": 5,
                      "textTransform": "uppercase",
                    }
                  }
                >
                  Cancel
                </Text>
              </View>
            </ViewManagerAdapter_ExpoLinearGradient>
          </View>
        </View>
        <View
          style={
            {
              "flexDirection": "row",
            }
          }
        >
          <View
            accessibilityState={
              {
                "busy": undefined,
                "checked": undefined,
                "disabled": undefined,
                "expanded": undefined,
                "selected": undefined,
              }
            }
            accessibilityValue={
              {
                "max": undefined,
                "min": undefined,
                "now": undefined,
                "text": undefined,
              }
            }
            accessible={true}
            collapsable={false}
            focusable={true}
            onBlur={[Function]}
            onClick={[Function]}
            onFocus={[Function]}
            onResponderGrant={[Function]}
            onResponderMove={[Function]}
            onResponderRelease={[Function]}
            onResponderTerminate={[Function]}
            onResponderTerminationRequest={[Function]}
            onStartShouldSetResponder={[Function]}
            style={
              {
                "flexDirection": "row",
              }
            }
          >
            <ViewManagerAdapter_ExpoLinearGradient
              colors={
                [
                  4293212987,
                  4293223227,
                ]
              }
              endPoint={
                [
                  0,
                  1,
                ]
              }
              locations={
                [
                  0,
                  1,
                ]
              }
              startPoint={
                [
                  0,
                  0,
                ]
              }
              style={
                {
                  "alignItems": "center",
                  "borderRadius": 20,
                  "elevation": 5,
                  "justifyContent": "center",
                  "padding": 2,
                  "shadowColor": "#000",
                  "shadowOffset": {
                    "height": 2,
                    "width": 0,
                  },
                  "shadowOpacity": 0.25,
                  "shadowRadius": 4,
                }
              }
            >
              <View
                style={
                  {
                    "alignItems": "center",
                    "backgroundColor": "transparent",
                    "borderRadius": 21,
                    "flexDirection": "row",
                    "justifyContent": "center",
                    "paddingLeft": 18,
                    "paddingRight": 28,
                    "paddingVertical": 14,
                  }
                }
              >
                <Text
                  style={
                    {
                      "color": "#ECECEC",
                      "fontSize": 18,
                      "fontWeight": "500",
                      "paddingLeft": 10,
                      "paddingRight": 5,
                      "textTransform": "uppercase",
                    }
                  }
                >
                  Remove
                </Text>
              </View>
            </ViewManagerAdapter_ExpoLinearGradient>
          </View>
        </View>
      </View>
    </View>
  </View>
</Modal>
`;
