// Jest Snapshot v1, https://goo.gl/fbAQLP

exports[`testing input renders correctly 1`] = `
<View
  style={
    {
      "flexDirection": "row",
    }
  }
>
  <View
    style={
      {
        "flexDirection": "row",
        "opacity": 1,
      }
    }
  >
    <ViewManagerAdapter_ExpoLinearGradient
      colors={
        [
          4281085996,
          4281085996,
        ]
      }
      endPoint={
        [
          0,
          1,
        ]
      }
      locations={
        [
          0,
          1,
        ]
      }
      startPoint={
        [
          0,
          0,
        ]
      }
      style={
        {
          "alignItems": "center",
          "borderRadius": 22,
          "justifyContent": "center",
          "padding": 2,
        }
      }
    >
      <View
        style={
          {
            "alignContent": "space-between",
            "alignItems": "center",
            "backgroundColor": "#2C302C",
            "borderRadius": 21,
            "flexDirection": "row",
            "justifyContent": "space-between",
            "paddingRight": 15,
            "width": "100%",
          }
        }
      >
        <TextInput
          autoCapitalize="none"
          autoCorrect={true}
          cursorColor="#1A9E37"
          editable={true}
          multiline={false}
          onChangeText={[Function]}
          onEndEditing={[Function]}
          onSubmitEditing={[Function]}
          placeholder=""
          placeholderTextColor="#A0A0A0"
          style={
            {
              "color": "#ECECEC",
              "fontSize": 18,
              "fontWeight": "500",
              "minWidth": 100,
              "paddingHorizontal": 14,
              "paddingVertical": 7,
            }
          }
        />
      </View>
    </ViewManagerAdapter_ExpoLinearGradient>
  </View>
</View>
`;
