// Jest Snapshot v1, https://goo.gl/fbAQLP

exports[`testing select renders correctly 1`] = `
<View
  style={
    {
      "alignItems": "center",
      "backgroundColor": "#2C302C",
      "borderRadius": 22,
      "padding": 2,
    }
  }
>
  <View
    accessibilityState={
      {
        "busy": undefined,
        "checked": undefined,
        "disabled": undefined,
        "expanded": undefined,
        "selected": undefined,
      }
    }
    accessibilityValue={
      {
        "max": undefined,
        "min": undefined,
        "now": undefined,
        "text": undefined,
      }
    }
    accessible={true}
    collapsable={false}
    focusable={true}
    onBlur={[Function]}
    onClick={[Function]}
    onFocus={[Function]}
    onResponderGrant={[Function]}
    onResponderMove={[Function]}
    onResponderRelease={[Function]}
    onResponderTerminate={[Function]}
    onResponderTerminationRequest={[Function]}
    onStartShouldSetResponder={[Function]}
  >
    <Text
      style={
        {
          "color": "#ECECEC",
          "fontSize": 18,
          "fontWeight": "500",
          "paddingHorizontal": 20,
          "paddingVertical": 10,
        }
      }
    >
      ---
    </Text>
  </View>
</View>
`;
