// Jest Snapshot v1, https://goo.gl/fbAQLP

exports[`testing level 21 rendering L21 renders correctly 1`] = `
<View
  style={
    {
      "flex": 1,
      "width": "100%",
    }
  }
>
  <View
    style={
      {
        "paddingHorizontal": 20,
        "paddingVertical": 10,
      }
    }
  >
    <Text
      style={
        {
          "color": "#ECECEC",
          "fontSize": 22,
          "fontWeight": "500",
          "textAlign": "center",
          "textTransform": "uppercase",
        }
      }
    >
      Romans 8:28
    </Text>
  </View>
  <View
    style={
      {
        "flex": 1,
        "gap": 10,
        "justifyContent": "center",
        "paddingHorizontal": 20,
        "width": "100%",
      }
    }
  />
  <View
    style={
      {
        "gap": 10,
        "paddingBottom": 20,
        "paddingHorizontal": 20,
        "paddingTop": 10,
        "width": "100%",
      }
    }
  >
    <View
      style={
        {
          "flexDirection": "row",
        }
      }
    >
      <View
        style={
          {
            "flexDirection": "row",
            "opacity": 1,
          }
        }
      >
        <ViewManagerAdapter_ExpoLinearGradient
          colors={
            [
              4281085996,
              4281085996,
            ]
          }
          endPoint={
            [
              0,
              1,
            ]
          }
          locations={
            [
              0,
              1,
            ]
          }
          startPoint={
            [
              0,
              0,
            ]
          }
          style={
            {
              "alignItems": "center",
              "borderRadius": 22,
              "justifyContent": "center",
              "padding": 2,
            }
          }
        >
          <View
            style={
              {
                "alignContent": "space-between",
                "alignItems": "center",
                "backgroundColor": "#2C302C",
                "borderRadius": 21,
                "flexDirection": "row",
                "justifyContent": "space-between",
                "paddingRight": 15,
                "width": "100%",
              }
            }
          >
            <TextInput
              autoCapitalize="none"
              autoCorrect={true}
              cursorColor="#1A9E37"
              editable={true}
              multiline={false}
              onChangeText={[Function]}
              onEndEditing={[Function]}
              onSubmitEditing={[Function]}
              placeholder="Start writing passage"
              placeholderTextColor="#A0A0A0"
              style={
                {
                  "color": "#ECECEC",
                  "fontSize": 18,
                  "fontWeight": "500",
                  "minWidth": 100,
                  "paddingHorizontal": 14,
                  "paddingVertical": 7,
                }
              }
              value=""
            />
          </View>
        </ViewManagerAdapter_ExpoLinearGradient>
      </View>
    </View>
  </View>
</View>
`;
